<html><head>
<meta http-equiv="Content-Type" content="text/html;                     charset=utf-8" /></head><body>
<p>Analyzed file: /home/webmaster/dev/cpp/QGIS/python/plugins/processing/tests/testdata/raster.tif (band 1)</p><p>Total cell count: 224</p><p>NODATA count: 104 </p><table>
<tr><td>Value</td><td>Count</td></tr>
<tr><td>826.0</td><td>4</td></tr>
<tr><td>837.0</td><td>6</td></tr>
<tr><td>843.0</td><td>6</td></tr>
<tr><td>845.0</td><td>4</td></tr>
<tr><td>851.0</td><td>9</td></tr>
<tr><td>853.0</td><td>6</td></tr>
<tr><td>859.0</td><td>10</td></tr>
<tr><td>861.0</td><td>4</td></tr>
<tr><td>864.0</td><td>6</td></tr>
<tr><td>866.0</td><td>9</td></tr>
<tr><td>868.0</td><td>6</td></tr>
<tr><td>872.0</td><td>4</td></tr>
<tr><td>873.0</td><td>9</td></tr>
<tr><td>878.0</td><td>6</td></tr>
<tr><td>880.0</td><td>6</td></tr>
<tr><td>881.0</td><td>6</td></tr>
<tr><td>890.0</td><td>13</td></tr>
<tr><td>899.0</td><td>6</td></tr>
</table>
</body></html>
