<html><head><meta http-equiv="Content-Type" content="text/html;                 charset=utf-8" /></head><body><p>Valid cells: 120</p><p>No-data cells: 104</p><p>Minimum value: 826.0</p><p>Maximum value: 899.0</p><p>Sum: 103904.0</p><p>Mean value: 865.866666667</p><p>Standard deviation: 17.882874458</p></body></html>